// Jest Snapshot v1, https://goo.gl/fbAQLP

exports[`RentsList should render correctly 1`] = `"List is empty"`;
